// Jest Snapshot v1, https://goo.gl/fbAQLP

exports[`pre-commit calls lint-staged CLI with default args: pre-commit scriptOne 1`] = `lint-staged --config ./src/config/lintstagedrc.js`;

exports[`pre-commit calls lint-staged CLI with default args: pre-commit scriptTwo 1`] = `npm run validate`;

exports[`pre-commit does not use built-in config with .lintstagedrc file: pre-commit scriptOne 1`] = `lint-staged`;

exports[`pre-commit does not use built-in config with .lintstagedrc file: pre-commit scriptTwo 1`] = `npm run validate`;

exports[`pre-commit does not use built-in config with --config: pre-commit scriptOne 1`] = `lint-staged --config ./custom-config.js`;

exports[`pre-commit does not use built-in config with --config: pre-commit scriptTwo 1`] = `npm run validate`;

exports[`pre-commit does not use built-in config with lint-staged pkg prop: pre-commit scriptOne 1`] = `lint-staged`;

exports[`pre-commit does not use built-in config with lint-staged pkg prop: pre-commit scriptTwo 1`] = `npm run validate`;

exports[`pre-commit does not use built-in config with lint-staged.config.js file: pre-commit scriptOne 1`] = `lint-staged`;

exports[`pre-commit does not use built-in config with lint-staged.config.js file: pre-commit scriptTwo 1`] = `npm run validate`;

exports[`pre-commit forwards args: pre-commit scriptOne 1`] = `lint-staged --config ./src/config/lintstagedrc.js --verbose`;

exports[`pre-commit forwards args: pre-commit scriptTwo 1`] = `npm run validate`;
